 M MAX_STRLEN
 M UPPERCASE_H
 M LOWERCASE_H
 M HELLO_H_SUFFIX
 M HELLO(1)
 M PUNCTUATION(1)
sS counting_s
 T counting_t
 V SPACE
 V WORLD
vV hello
 V counting
fF print_char(1)
 F new_line()
 F print_n_chars(2)
fF print_all_chars(1)
 F main(2)

