i stdio.h
i string.h
M MAX_STRLEN
M UPPERCASE_H
M LOWERCASE_H
M HELLO_H_SUFFIX
M HELLO(1)
M PUNCTUATION(1)
s counting_s
S counting_s
T counting_t
v hello
V SPACE
V WORLD
V hello
V counting
f print_char(1)
f print_all_chars(1)
F print_char(1)
F new_line()
F print_n_chars(2)
F print_all_chars(1)
F main(2)

