v i_var
v cusi_var
v es_var
v sll_var
v c_var_a
v c_var_b
v pc_var_a
v c_var_c
v pc_var_b
v pc_var_c
v c_var_d
v b_var
v v_var
v pv_var
F main(2)
