V i_var
V cusi_var
v es_var
V sll_var
v c_var_a
V c_var_b
V pc_var_a
V c_var_c
V pc_var_b
v pc_var_c
v c_var_d
F main(2)
