v i_var
v cusi_var
v es_var
v sll_var
v c_var_a
v c_var_b
v pc_var_a
v c_var_c
v pc_var_b
v pc_var_c
v c_var_d
f v_func()
f i_func_v(0)
f i_func_i(1)
f pc_func_ui_c_pc(3)
f main(2)
