NOTHING
FORTYTWO
POINTER_TO
i_var
cusi_var
es_var
sll_var
c_var_a
c_var_b
pc_var_a
c_var_c
pc_var_b
pc_var_c
c_var_d
v_func
i_func_v
i_func_i
pc_func_ui_c_pc
main
