m NOTHING
m FORTYTWO
m POINTER_TO(1)
V i_var
V cusi_var
v es_var
V sll_var
V c_var_a
V c_var_b
V pc_var_a
V c_var_c
V pc_var_b
V pc_var_c
V c_var_d
f v_func()
f i_func_v(0)
f i_func_i(1)
f pc_func_ui_c_pc(3)
F main(2)
