i_var@true
i_var_1@1
i_var_foo@defined(FOO)
i_var_bar@defined(BAR)
