  M MAX_STRLEN
  M UPPERCASE_H
  M LOWERCASE_H
  M HELLO_H_SUFFIX
  M HELLO                  (1)
  M PUNCTUATION            (1)
  s counting_s
--v hello                                             : char[]
.-f print_char             (char)                     : void
--f print_all_chars        (const char*)              : void
  S counting_s                                        
 -T counting_t                                        
-cV SPACE                                             : char
-cV WORLD                                             : char*
--V hello                                             : char[]
.-V counting                                          : counting_t
.-F print_char             (char c)                   : void
.-F new_line               ()                         : void
--F print_n_chars          (const char*, size_t)      : void
--F print_all_chars        (const char*)              : void
--F main                   (int, char **)             : int
