#define MAX_STRLEN 0
#define UPPERCASE_H ""
#define LOWERCASE_H ""
#define HELLO_H_SUFFIX ""
#define HELLO(uppercase) ""
#define PUNCTUATION(continue) '\0'
struct counting_s;
extern char hello[];
static void print_char(char);
void print_all_chars(const char* string);
struct counting_s {};
typedef int counting_t;
const char SPACE = '\0';
const char *WORLD = "";
char hello[] = "";
static counting_t counting = {0};
static void print_char(char c) {}
static void new_line(void) {}
void print_n_chars(const char* string, size_t n) {}
void print_all_chars(const char* string) {}
int main(int argc, char **argv) { return 0; }
