MAX_INDENTATION#
ARG_TO_STR(1)#
INDENT_META_FORMAT#
MAX_INDENT_FORMAT#
print_indented(2)
main(1)
